
> niletcourse@0.1.0 build
> next build

Γû▓ Next.js 16.1.1 (Turbopack)

  Creating an optimized production build ...
Γ£ô Compiled successfully in 9.5s
  Running TypeScript ...
